src/pages/Customers/CustomerDetail.tsx(3,64): error TS6133: 'FileText' is declared but its value is never read.
src/pages/Customers/CustomerDetail.tsx(3,90): error TS6133: 'MoreVertical' is declared but its value is never read.
src/pages/Customers/CustomerDetail.tsx(3,104): error TS6133: 'ExternalLink' is declared but its value is never read.
src/pages/Customers/CustomerDetail.tsx(129,72): error TS2339: Property 'planName' does not exist on type 'Subscription'.
src/pages/Customers/CustomerDetail.tsx(135,103): error TS2339: Property 'billingCycle' does not exist on type 'Subscription'.
